// Jest Snapshot v1, https://goo.gl/fbAQLP

exports[`Storyshots Channel Default 1`] = `null`;

exports[`Storyshots Track Controls Default 1`] = `null`;

exports[`Storyshots WebAudio Default 1`] = `null`;

exports[`Storyshots WebAudio Multi Channel 1`] = `null`;

exports[`Storyshots WebAudio With Knobs 1`] = `null`;
